=== Debug Log Started ===
Center hex (0,0,0) exists: true
Center hex key: 0,0,0
CLICK: mouse=(368,296), camera=(512,384), pixel=(-144,-88), cube=[-3,3,0], hex_exists=true
CLICK: mouse=(463,367), camera=(512,384), pixel=(-49,-17), cube=[-1,1,0], hex_exists=true
isNextToFriendly: checking cube [-1,1,0]
  active_player_id=2, turn_number[2]=1
  Neighbors: enemy=1, friendly=0
  First turn for player 2
  Other player turn_number[1]=2
  Second piece placement - must have exactly 1 enemy neighbor
  APPROVED: enemy_count=1
CLICK: mouse=(574,393), camera=(512,384), pixel=(62,9), cube=[1,-1,0], hex_exists=true
isNextToFriendly: checking cube [1,-1,0]
  active_player_id=1, turn_number[1]=2
  Neighbors: enemy=0, friendly=1
  Normal placement - must have friendly neighbors and no enemies
  APPROVED
CLICK: mouse=(410,314), camera=(512,384), pixel=(-102,-70), cube=[-2,2,0], hex_exists=true
isNextToFriendly: checking cube [-2,2,0]
  active_player_id=2, turn_number[2]=2
  Neighbors: enemy=0, friendly=1
  Normal placement - must have friendly neighbors and no enemies
  APPROVED
CLICK: mouse=(468,302), camera=(512,384), pixel=(-44,-82), cube=[-1,2,-1], hex_exists=true
isNextToFriendly: checking cube [-1,2,-1]
  active_player_id=1, turn_number[1]=3
  Neighbors: enemy=2, friendly=0
  Normal placement - must have friendly neighbors and no enemies
  REJECTED: friendly=0, enemy=2
CLICK: mouse=(375,299), camera=(512,384), pixel=(-137,-85), cube=[-3,3,0], hex_exists=true
isNextToFriendly: checking cube [-3,3,0]
  active_player_id=1, turn_number[1]=3
  Neighbors: enemy=1, friendly=0
  Normal placement - must have friendly neighbors and no enemies
  REJECTED: friendly=0, enemy=1
CLICK: mouse=(627,380), camera=(512,384), pixel=(115,-4), cube=[2,-1,-1], hex_exists=true
isNextToFriendly: checking cube [2,-1,-1]
  active_player_id=1, turn_number[1]=3
  Neighbors: enemy=0, friendly=1
  Normal placement - must have friendly neighbors and no enemies
  APPROVED
CLICK: mouse=(469,303), camera=(512,384), pixel=(-43,-81), cube=[-1,2,-1], hex_exists=true
isNextToFriendly: checking cube [-1,2,-1]
  active_player_id=2, turn_number[2]=3
  Neighbors: enemy=0, friendly=2
  Normal placement - must have friendly neighbors and no enemies
  APPROVED
CLICK: mouse=(627,386), camera=(512,384), pixel=(115,2), cube=[2,-1,-1], hex_exists=true
=== mark_legal_moves_for_piece called ===
Source cube: [2,-1,-1]
Piece: Queen bee
Testing Queen moves - checking adjacent hexes only
  Adjacent: [1,-1,0]
  Adjacent: [1,0,-1]
  Adjacent: [2,-2,0]
  Adjacent: [2,0,-2]
  Adjacent: [3,-2,-1]
  Adjacent: [3,-1,-2]
Found 6 adjacent hexes
Testing adjacent hex [1,-1,0]
  BLOCKED: hex occupied
Testing adjacent hex [1,0,-1]
  pieceCanDetach: true
  try_self_detach: true
  LEGAL MOVE!
Testing adjacent hex [2,-2,0]
  pieceCanDetach: true
  try_self_detach: true
  LEGAL MOVE!
Testing adjacent hex [2,0,-2]
  pieceCanDetach: true
  try_self_detach: false
Testing adjacent hex [3,-2,-1]
  pieceCanDetach: true
  try_self_detach: false
Testing adjacent hex [3,-1,-2]
  pieceCanDetach: true
  try_self_detach: false
Total legal moves: 2
=== Complete ===
CLICK: mouse=(574,373), camera=(512,384), pixel=(62,-11), cube=[1,0,-1], hex_exists=true
CLICK: mouse=(450,285), camera=(512,384), pixel=(-62,-99), cube=[-1,2,-1], hex_exists=true
=== mark_legal_moves_for_piece called ===
Source cube: [-1,2,-1]
Piece: Queen bee
Testing Queen moves - checking adjacent hexes only
  Adjacent: [0,1,-1]
  Adjacent: [-1,1,0]
  Adjacent: [0,2,-2]
  Adjacent: [-2,2,0]
  Adjacent: [-1,3,-2]
  Adjacent: [-2,3,-1]
Found 6 adjacent hexes
Testing adjacent hex [0,1,-1]
  pieceCanDetach: true
  try_self_detach: true
  LEGAL MOVE!
Testing adjacent hex [-1,1,0]
  BLOCKED: hex occupied
Testing adjacent hex [0,2,-2]
  pieceCanDetach: true
  try_self_detach: false
Testing adjacent hex [-2,2,0]
  BLOCKED: hex occupied
Testing adjacent hex [-1,3,-2]
  pieceCanDetach: true
  try_self_detach: false
Testing adjacent hex [-2,3,-1]
  pieceCanDetach: true
  try_self_detach: true
  LEGAL MOVE!
Total legal moves: 2
=== Complete ===
CLICK: mouse=(504,325), camera=(512,384), pixel=(-8,-59), cube=[0,1,-1], hex_exists=true
