Checking src                                      [0m[1mI/O error[0m

    src: couldn't read: No such file or directory

Checking actions.lua                              [0m[31m[1m47 warnings[0m

    actions.lua:20:67: accessing undefined variable [0m[1mG[0m
    actions.lua:24:21: accessing undefined variable [0m[1mG[0m
    actions.lua:24:28: accessing undefined variable [0m[1mG[0m
    actions.lua:24:33: accessing undefined variable [0m[1mG[0m
    actions.lua:37:34: accessing undefined variable [0m[1mG[0m
    actions.lua:43:37: accessing undefined variable [0m[1mG[0m
    actions.lua:43:44: accessing undefined variable [0m[1mG[0m
    actions.lua:43:49: accessing undefined variable [0m[1mG[0m
    actions.lua:44:43: accessing undefined variable [0m[1mG[0m
    actions.lua:44:56: accessing undefined variable [0m[1mG[0m
    actions.lua:44:61: accessing undefined variable [0m[1mG[0m
    actions.lua:47:8: accessing undefined variable [0m[1mG[0m
    actions.lua:48:9: mutating non-standard global variable [0m[1mG[0m
    actions.lua:61:51: accessing undefined variable [0m[1mG[0m
    actions.lua:62:25: accessing undefined variable [0m[1mG[0m
    actions.lua:62:32: accessing undefined variable [0m[1mG[0m
    actions.lua:62:37: accessing undefined variable [0m[1mG[0m
    actions.lua:66:24: accessing undefined variable [0m[1mG[0m
    actions.lua:80:25: accessing undefined variable [0m[1mConfig[0m
    actions.lua:81:8: accessing undefined variable [0m[1mG[0m
    actions.lua:82:9: mutating non-standard global variable [0m[1mG[0m
    actions.lua:82:29: accessing undefined variable [0m[1mG[0m
    actions.lua:91:8: accessing undefined variable [0m[1mG[0m
    actions.lua:92:9: mutating non-standard global variable [0m[1mG[0m
    actions.lua:92:29: accessing undefined variable [0m[1mG[0m
    actions.lua:100:5: mutating non-standard global variable [0m[1mG[0m
    actions.lua:110:40: accessing undefined variable [0m[1mG[0m
    actions.lua:116:37: accessing undefined variable [0m[1mG[0m
    actions.lua:116:44: accessing undefined variable [0m[1mG[0m
    actions.lua:116:49: accessing undefined variable [0m[1mG[0m
    actions.lua:121:59: accessing undefined variable [0m[1mG[0m
    actions.lua:127:40: accessing undefined variable [0m[1mG[0m
    actions.lua:139:40: accessing undefined variable [0m[1mG[0m
    actions.lua:144:48: accessing undefined variable [0m[1mG[0m
    actions.lua:147:24: accessing undefined variable [0m[1mG[0m
    actions.lua:161:51: accessing undefined variable [0m[1mG[0m
    actions.lua:162:25: accessing undefined variable [0m[1mG[0m
    actions.lua:162:32: accessing undefined variable [0m[1mG[0m
    actions.lua:162:37: accessing undefined variable [0m[1mG[0m
    actions.lua:166:24: accessing undefined variable [0m[1mG[0m
    actions.lua:176:40: accessing undefined variable [0m[1mG[0m
    actions.lua:182:37: accessing undefined variable [0m[1mG[0m
    actions.lua:182:44: accessing undefined variable [0m[1mG[0m
    actions.lua:182:49: accessing undefined variable [0m[1mG[0m
    actions.lua:187:70: accessing undefined variable [0m[1mG[0m
    actions.lua:189:59: accessing undefined variable [0m[1mG[0m
    actions.lua:195:40: accessing undefined variable [0m[1mG[0m

Checking animation.lua                            [0m[31m[1m37 warnings[0m

    animation.lua:8:5: mutating non-standard global variable [0m[1mG[0m
    animation.lua:9:5: mutating non-standard global variable [0m[1mG[0m
    animation.lua:10:5: mutating non-standard global variable [0m[1mG[0m
    animation.lua:11:5: mutating non-standard global variable [0m[1mG[0m
    animation.lua:12:5: mutating non-standard global variable [0m[1mG[0m
    animation.lua:13:5: mutating non-standard global variable [0m[1mG[0m
    animation.lua:18:12: accessing undefined variable [0m[1mG[0m
    animation.lua:21:1: line contains only whitespace
    animation.lua:22:5: mutating non-standard global variable [0m[1mG[0m
    animation.lua:22:28: accessing undefined variable [0m[1mG[0m
    animation.lua:22:57: accessing undefined variable [0m[1mG[0m
    animation.lua:23:1: line contains only whitespace
    animation.lua:24:8: accessing undefined variable [0m[1mG[0m
    animation.lua:26:9: mutating non-standard global variable [0m[1mG[0m
    animation.lua:27:9: mutating non-standard global variable [0m[1mG[0m
    animation.lua:28:1: line contains only whitespace
    animation.lua:30:12: accessing undefined variable [0m[1mG[0m
    animation.lua:31:13: accessing undefined variable [0m[1mG[0m
    animation.lua:32:13: mutating non-standard global variable [0m[1mG[0m
    animation.lua:34:1: line contains only whitespace
    animation.lua:36:9: mutating non-standard global variable [0m[1mG[0m
    animation.lua:37:9: mutating non-standard global variable [0m[1mG[0m
    animation.lua:38:9: mutating non-standard global variable [0m[1mG[0m
    animation.lua:49:12: accessing undefined variable [0m[1mG[0m
    animation.lua:49:31: accessing undefined variable [0m[1mG[0m
    animation.lua:49:60: accessing undefined variable [0m[1mG[0m
    animation.lua:52:1: line contains only whitespace
    animation.lua:53:48: accessing undefined variable [0m[1mG[0m
    animation.lua:54:44: accessing undefined variable [0m[1mG[0m
    animation.lua:55:1: line contains only whitespace
    animation.lua:57:43: accessing undefined variable [0m[1mG[0m
    animation.lua:58:1: line contains only whitespace
    animation.lua:62:1: line contains only whitespace
    animation.lua:63:18: accessing undefined variable [0m[1mG[0m
    animation.lua:68:12: accessing undefined variable [0m[1mG[0m
    animation.lua:68:31: accessing undefined variable [0m[1mG[0m
    animation.lua:71:30: accessing undefined variable [0m[1mG[0m

Checking camera.lua                               [0m[32m[1mOK[0m
Checking config.lua                               [0m[31m[1m5 warnings[0m

    config.lua:2:1: setting non-standard global variable [0m[1mConfig[0m
    config.lua:6:1: mutating non-standard global variable [0m[1mConfig[0m
    config.lua:18:1: mutating non-standard global variable [0m[1mConfig[0m
    config.lua:28:1: mutating non-standard global variable [0m[1mConfig[0m
    config.lua:32:8: accessing undefined variable [0m[1mConfig[0m

Checking console.lua                              [0m[31m[1m54 warnings[0m

    console.lua:2:1: setting non-standard global variable [0m[1mConsole[0m
    console.lua:3:1: mutating non-standard global variable [0m[1mConsole[0m
    console.lua:4:1: mutating non-standard global variable [0m[1mConsole[0m
    console.lua:5:1: mutating non-standard global variable [0m[1mConsole[0m
    console.lua:6:1: mutating non-standard global variable [0m[1mConsole[0m
    console.lua:7:1: mutating non-standard global variable [0m[1mConsole[0m
    console.lua:10:10: mutating non-standard global variable [0m[1mConsole[0m
    console.lua:12:5: mutating non-standard global variable [0m[1mConsole[0m
    console.lua:13:8: accessing undefined variable [0m[1mConsole[0m
    console.lua:14:9: accessing undefined variable [0m[1mConsole[0m
    console.lua:15:9: accessing undefined variable [0m[1mConsole[0m
    console.lua:17:1: line contains only whitespace
    console.lua:18:5: setting read-only global variable [0m[1mprint[0m
    console.lua:27:1: line contains only whitespace
    console.lua:29:22: accessing undefined variable [0m[1mConsole[0m
    console.lua:30:1: line contains only whitespace
    console.lua:32:13: accessing undefined variable [0m[1mConsole[0m
    console.lua:32:32: accessing undefined variable [0m[1mConsole[0m
    console.lua:33:26: accessing undefined variable [0m[1mConsole[0m
    console.lua:35:1: line contains only whitespace
    console.lua:37:12: accessing undefined variable [0m[1mConsole[0m
    console.lua:38:13: accessing undefined variable [0m[1mConsole[0m
    console.lua:39:13: accessing undefined variable [0m[1mConsole[0m
    console.lua:41:1: line contains only whitespace
    console.lua:43:9: accessing undefined variable [0m[1mConsole[0m
    console.lua:47:10: mutating non-standard global variable [0m[1mConsole[0m
    console.lua:48:12: accessing undefined variable [0m[1mConsole[0m
    console.lua:51:1: line contains only whitespace
    console.lua:53:5: accessing undefined variable [0m[1mlove[0m
    console.lua:54:5: accessing undefined variable [0m[1mlove[0m
    console.lua:55:1: line contains only whitespace
    console.lua:57:5: accessing undefined variable [0m[1mlove[0m
    console.lua:58:5: accessing undefined variable [0m[1mlove[0m
    console.lua:59:1: line contains only whitespace
    console.lua:61:5: accessing undefined variable [0m[1mlove[0m
    console.lua:62:5: accessing undefined variable [0m[1mlove[0m
    console.lua:63:1: line contains only whitespace
    console.lua:65:5: accessing undefined variable [0m[1mlove[0m
    console.lua:69:38: accessing undefined variable [0m[1mConsole[0m
    console.lua:70:1: line contains only whitespace
    console.lua:71:27: accessing undefined variable [0m[1mConsole[0m
    console.lua:72:25: accessing undefined variable [0m[1mConsole[0m
    console.lua:74:1: line contains only whitespace
    console.lua:76:15: unused variable [0m[1mmax_width[0m
    console.lua:77:9: accessing undefined variable [0m[1mlove[0m
    console.lua:81:10: mutating non-standard global variable [0m[1mConsole[0m
    console.lua:82:5: mutating non-standard global variable [0m[1mConsole[0m
    console.lua:82:27: accessing undefined variable [0m[1mConsole[0m
    console.lua:85:10: mutating non-standard global variable [0m[1mConsole[0m
    console.lua:86:5: mutating non-standard global variable [0m[1mConsole[0m
    console.lua:87:8: accessing undefined variable [0m[1mConsole[0m
    console.lua:88:9: accessing undefined variable [0m[1mConsole[0m
    console.lua:89:9: accessing undefined variable [0m[1mConsole[0m
    console.lua:93:8: accessing undefined variable [0m[1mConsole[0m

Checking cubecoords.lua                           [0m[31m[1m14 warnings[0m

    cubecoords.lua:88:1: line contains only whitespace
    cubecoords.lua:92:1: line contains only whitespace
    cubecoords.lua:94:11: unused variable [0m[1mdirs[0m
    cubecoords.lua:96:13: unused loop variable [0m[1mj[0m
    cubecoords.lua:101:1: line contains only whitespace
    cubecoords.lua:140:1: line contains only whitespace
    cubecoords.lua:144:1: line contains only whitespace
    cubecoords.lua:152:1: line contains only whitespace
    cubecoords.lua:179:1: line contains only whitespace
    cubecoords.lua:204:1: line contains only whitespace
    cubecoords.lua:206:1: line contains only whitespace
    cubecoords.lua:219:1: line contains only whitespace
    cubecoords.lua:223:1: line contains only whitespace
    cubecoords.lua:228:1: line contains only whitespace

Checking game.lua                                 [0m[31m[1m64 warnings[0m

    game.lua:13:1: line contains only whitespace
    game.lua:15:1: line contains only whitespace
    game.lua:17:5: mutating non-standard global variable [0m[1mG[0m
    game.lua:18:5: mutating non-standard global variable [0m[1mG[0m
    game.lua:19:5: mutating non-standard global variable [0m[1mG[0m
    game.lua:20:5: mutating non-standard global variable [0m[1mG[0m
    game.lua:21:5: mutating non-standard global variable [0m[1mG[0m
    game.lua:22:5: mutating non-standard global variable [0m[1mG[0m
    game.lua:23:1: line contains only whitespace
    game.lua:25:5: mutating non-standard global variable [0m[1mG[0m
    game.lua:25:27: accessing undefined variable [0m[1mG[0m
    game.lua:25:32: accessing undefined variable [0m[1mG[0m
    game.lua:25:37: accessing undefined variable [0m[1mG[0m
    game.lua:26:5: mutating non-standard global variable [0m[1mG[0m
    game.lua:27:5: mutating non-standard global variable [0m[1mG[0m
    game.lua:28:5: mutating non-standard global variable [0m[1mG[0m
    game.lua:29:1: line contains only whitespace
    game.lua:31:5: mutating non-standard global variable [0m[1mG[0m
    game.lua:31:18: accessing undefined variable [0m[1mG[0m
    game.lua:32:5: mutating non-standard global variable [0m[1mG[0m
    game.lua:32:18: accessing undefined variable [0m[1mG[0m
    game.lua:33:1: line contains only whitespace
    game.lua:35:5: mutating non-standard global variable [0m[1mG[0m
    game.lua:35:16: accessing undefined variable [0m[1mlove[0m
    game.lua:35:40: accessing undefined variable [0m[1mG[0m
    game.lua:35:52: accessing undefined variable [0m[1mG[0m
    game.lua:36:5: mutating non-standard global variable [0m[1mG[0m
    game.lua:36:17: accessing undefined variable [0m[1mlove[0m
    game.lua:36:41: accessing undefined variable [0m[1mG[0m
    game.lua:36:53: accessing undefined variable [0m[1mG[0m
    game.lua:40:5: mutating non-standard global variable [0m[1mG[0m
    game.lua:41:1: line contains only whitespace
    game.lua:44:9: mutating non-standard global variable [0m[1mG[0m
    game.lua:46:1: line contains only whitespace
    game.lua:47:12: accessing undefined variable [0m[1mG[0m
    game.lua:64:23: accessing undefined variable [0m[1mcubecoords[0m
    game.lua:66:1: line contains only whitespace
    game.lua:73:1: line contains only whitespace
    game.lua:83:1: line contains only whitespace
    game.lua:85:1: line contains only whitespace
    game.lua:90:1: line contains only whitespace
    game.lua:94:31: unused argument [0m[1mw[0m
    game.lua:94:34: unused argument [0m[1mh[0m
    game.lua:106:1: line contains only whitespace
    game.lua:110:9: mutating non-standard global variable [0m[1mG[0m
    game.lua:112:13: mutating non-standard global variable [0m[1mG[0m
    game.lua:115:13: mutating non-standard global variable [0m[1mG[0m
    game.lua:133:17: accessing undefined variable [0m[1mlove[0m
    game.lua:133:121: line is too long (169 > 120)
    game.lua:139:25: unused argument [0m[1mactive_piece_id[0m
    game.lua:140:9: accessing undefined variable [0m[1mG[0m
    game.lua:141:9: mutating non-standard global variable [0m[1mG[0m
    game.lua:142:9: mutating non-standard global variable [0m[1mG[0m
    game.lua:143:9: mutating non-standard global variable [0m[1mG[0m
    game.lua:143:28: accessing undefined variable [0m[1mG[0m
    game.lua:144:1: line contains only whitespace
    game.lua:147:29: accessing undefined variable [0m[1mG[0m
    game.lua:152:13: accessing undefined variable [0m[1mG[0m
    game.lua:153:9: mutating non-standard global variable [0m[1mG[0m
    game.lua:154:9: mutating non-standard global variable [0m[1mG[0m
    game.lua:155:9: mutating non-standard global variable [0m[1mG[0m
    game.lua:155:28: accessing undefined variable [0m[1mG[0m
    game.lua:156:1: line contains only whitespace
    game.lua:159:29: accessing undefined variable [0m[1mG[0m

Checking gamestate.lua                            [0m[31m[1m66 warnings[0m

    gamestate.lua:6:1: setting non-standard global variable [0m[1mGameState[0m
    gamestate.lua:11:28: accessing undefined variable [0m[1mG[0m
    gamestate.lua:12:27: accessing undefined variable [0m[1mG[0m
    gamestate.lua:13:24: accessing undefined variable [0m[1mG[0m
    gamestate.lua:13:42: accessing undefined variable [0m[1mG[0m
    gamestate.lua:14:21: accessing undefined variable [0m[1mG[0m
    gamestate.lua:15:21: accessing undefined variable [0m[1mG[0m
    gamestate.lua:16:20: accessing undefined variable [0m[1mG[0m
    gamestate.lua:16:34: accessing undefined variable [0m[1mG[0m
    gamestate.lua:17:28: accessing undefined variable [0m[1mG[0m
    gamestate.lua:18:28: accessing undefined variable [0m[1mG[0m
    gamestate.lua:19:21: accessing undefined variable [0m[1mG[0m
    gamestate.lua:26:13: accessing undefined variable [0m[1mG[0m
    gamestate.lua:27:13: accessing undefined variable [0m[1mG[0m
    gamestate.lua:28:16: accessing undefined variable [0m[1mG[0m
    gamestate.lua:37:18: accessing undefined variable [0m[1mG[0m
    gamestate.lua:40:37: accessing undefined variable [0m[1mG[0m
    gamestate.lua:54:9: unused loop variable [0m[1mcube_key[0m
    gamestate.lua:54:32: accessing undefined variable [0m[1mG[0m
    gamestate.lua:62:1: line contains only whitespace
    gamestate.lua:70:1: line contains only whitespace
    gamestate.lua:80:26: accessing undefined variable [0m[1mG[0m
    gamestate.lua:85:10: mutating non-standard global variable [0m[1mGameState[0m
    gamestate.lua:98:30: accessing undefined variable [0m[1mlove[0m
    gamestate.lua:104:32: accessing undefined variable [0m[1mlove[0m
    gamestate.lua:110:9: unused loop variable [0m[1mcube_key[0m
    gamestate.lua:110:32: accessing undefined variable [0m[1mG[0m
    gamestate.lua:122:1: line contains only whitespace
    gamestate.lua:123:5: mutating non-standard global variable [0m[1mG[0m
    gamestate.lua:124:5: mutating non-standard global variable [0m[1mG[0m
    gamestate.lua:125:5: mutating non-standard global variable [0m[1mG[0m
    gamestate.lua:129:5: mutating non-standard global variable [0m[1mG[0m
    gamestate.lua:130:5: mutating non-standard global variable [0m[1mG[0m
    gamestate.lua:131:5: mutating non-standard global variable [0m[1mG[0m
    gamestate.lua:135:5: mutating non-standard global variable [0m[1mG[0m
    gamestate.lua:136:5: mutating non-standard global variable [0m[1mG[0m
    gamestate.lua:137:5: mutating non-standard global variable [0m[1mG[0m
    gamestate.lua:143:1: line contains only whitespace
    gamestate.lua:144:5: mutating non-standard global variable [0m[1mG[0m
    gamestate.lua:145:5: mutating non-standard global variable [0m[1mG[0m
    gamestate.lua:146:5: mutating non-standard global variable [0m[1mG[0m
    gamestate.lua:152:1: line contains only whitespace
    gamestate.lua:156:20: accessing undefined variable [0m[1mG[0m
    gamestate.lua:157:21: mutating non-standard global variable [0m[1mG[0m
    gamestate.lua:167:1: line contains only whitespace
    gamestate.lua:168:5: mutating non-standard global variable [0m[1mG[0m
    gamestate.lua:175:26: accessing undefined variable [0m[1mcubecoords[0m
    gamestate.lua:176:44: accessing undefined variable [0m[1mG[0m
    gamestate.lua:177:1: line contains only whitespace
    gamestate.lua:179:40: accessing undefined variable [0m[1mpiecesInventory[0m
    gamestate.lua:193:26: accessing undefined variable [0m[1mcubecoords[0m
    gamestate.lua:194:44: accessing undefined variable [0m[1mG[0m
    gamestate.lua:195:1: line contains only whitespace
    gamestate.lua:198:40: accessing undefined variable [0m[1mpiecesInventory[0m
    gamestate.lua:201:1: line contains only whitespace
    gamestate.lua:203:42: accessing undefined variable [0m[1mpiecesInventory[0m
    gamestate.lua:206:1: line contains only whitespace
    gamestate.lua:210:1: line contains only whitespace
    gamestate.lua:222:10: mutating non-standard global variable [0m[1mGameState[0m
    gamestate.lua:226:32: accessing undefined variable [0m[1mlove[0m
    gamestate.lua:238:1: line contains only whitespace
    gamestate.lua:245:1: line contains only whitespace
    gamestate.lua:251:1: line contains only whitespace
    gamestate.lua:254:1: line contains only whitespace
    gamestate.lua:261:12: accessing undefined variable [0m[1mGameState[0m
    gamestate.lua:262:12: accessing undefined variable [0m[1mGameState[0m

Checking globals.lua                              [0m[31m[1m80 warnings[0m

    globals.lua:9:5: setting non-standard global variable [0m[1mG[0m
    globals.lua:10:1: line contains only whitespace
    globals.lua:12:5: mutating non-standard global variable [0m[1mG[0m
    globals.lua:13:5: mutating non-standard global variable [0m[1mG[0m
    globals.lua:14:5: mutating non-standard global variable [0m[1mG[0m
    globals.lua:15:5: mutating non-standard global variable [0m[1mG[0m
    globals.lua:16:5: mutating non-standard global variable [0m[1mG[0m
    globals.lua:17:5: mutating non-standard global variable [0m[1mG[0m
    globals.lua:18:1: line contains only whitespace
    globals.lua:20:5: mutating non-standard global variable [0m[1mG[0m
    globals.lua:21:5: mutating non-standard global variable [0m[1mG[0m
    globals.lua:22:5: mutating non-standard global variable [0m[1mG[0m
    globals.lua:23:5: mutating non-standard global variable [0m[1mG[0m
    globals.lua:24:5: mutating non-standard global variable [0m[1mG[0m
    globals.lua:25:5: mutating non-standard global variable [0m[1mG[0m
    globals.lua:26:5: mutating non-standard global variable [0m[1mG[0m
    globals.lua:27:5: mutating non-standard global variable [0m[1mG[0m
    globals.lua:28:1: line contains only whitespace
    globals.lua:30:5: mutating non-standard global variable [0m[1mG[0m
    globals.lua:31:5: mutating non-standard global variable [0m[1mG[0m
    globals.lua:32:5: mutating non-standard global variable [0m[1mG[0m
    globals.lua:33:5: mutating non-standard global variable [0m[1mG[0m
    globals.lua:34:5: mutating non-standard global variable [0m[1mG[0m
    globals.lua:35:5: mutating non-standard global variable [0m[1mG[0m
    globals.lua:36:5: mutating non-standard global variable [0m[1mG[0m
    globals.lua:37:5: mutating non-standard global variable [0m[1mG[0m
    globals.lua:38:5: mutating non-standard global variable [0m[1mG[0m
    globals.lua:39:5: mutating non-standard global variable [0m[1mG[0m
    globals.lua:40:5: mutating non-standard global variable [0m[1mG[0m
    globals.lua:41:1: line contains only whitespace
    globals.lua:43:5: mutating non-standard global variable [0m[1mG[0m
    globals.lua:44:5: mutating non-standard global variable [0m[1mG[0m
    globals.lua:45:5: mutating non-standard global variable [0m[1mG[0m
    globals.lua:46:5: mutating non-standard global variable [0m[1mG[0m
    globals.lua:47:5: mutating non-standard global variable [0m[1mG[0m
    globals.lua:48:5: mutating non-standard global variable [0m[1mG[0m
    globals.lua:49:5: mutating non-standard global variable [0m[1mG[0m
    globals.lua:50:1: line contains only whitespace
    globals.lua:52:5: mutating non-standard global variable [0m[1mG[0m
    globals.lua:53:5: mutating non-standard global variable [0m[1mG[0m
    globals.lua:54:5: mutating non-standard global variable [0m[1mG[0m
    globals.lua:55:1: line contains only whitespace
    globals.lua:57:5: mutating non-standard global variable [0m[1mG[0m
    globals.lua:58:5: mutating non-standard global variable [0m[1mG[0m
    globals.lua:59:5: mutating non-standard global variable [0m[1mG[0m
    globals.lua:60:5: mutating non-standard global variable [0m[1mG[0m
    globals.lua:61:5: mutating non-standard global variable [0m[1mG[0m
    globals.lua:62:1: line contains only whitespace
    globals.lua:64:5: mutating non-standard global variable [0m[1mG[0m
    globals.lua:65:5: mutating non-standard global variable [0m[1mG[0m
    globals.lua:66:5: mutating non-standard global variable [0m[1mG[0m
    globals.lua:67:5: mutating non-standard global variable [0m[1mG[0m
    globals.lua:68:1: line contains only whitespace
    globals.lua:70:5: mutating non-standard global variable [0m[1mG[0m
    globals.lua:71:5: mutating non-standard global variable [0m[1mG[0m
    globals.lua:72:5: mutating non-standard global variable [0m[1mG[0m
    globals.lua:73:5: mutating non-standard global variable [0m[1mG[0m
    globals.lua:74:5: mutating non-standard global variable [0m[1mG[0m
    globals.lua:75:5: mutating non-standard global variable [0m[1mG[0m
    globals.lua:87:5: mutating non-standard global variable [0m[1mG[0m
    globals.lua:88:5: mutating non-standard global variable [0m[1mG[0m
    globals.lua:89:5: mutating non-standard global variable [0m[1mG[0m
    globals.lua:90:5: mutating non-standard global variable [0m[1mG[0m
    globals.lua:95:5: mutating non-standard global variable [0m[1mG[0m
    globals.lua:96:5: mutating non-standard global variable [0m[1mG[0m
    globals.lua:101:5: mutating non-standard global variable [0m[1mG[0m
    globals.lua:102:5: mutating non-standard global variable [0m[1mG[0m
    globals.lua:103:5: mutating non-standard global variable [0m[1mG[0m
    globals.lua:104:5: mutating non-standard global variable [0m[1mG[0m
    globals.lua:109:5: mutating non-standard global variable [0m[1mG[0m
    globals.lua:110:5: mutating non-standard global variable [0m[1mG[0m
    globals.lua:111:5: mutating non-standard global variable [0m[1mG[0m
    globals.lua:112:5: mutating non-standard global variable [0m[1mG[0m
    globals.lua:113:5: mutating non-standard global variable [0m[1mG[0m
    globals.lua:118:5: mutating non-standard global variable [0m[1mG[0m
    globals.lua:119:5: mutating non-standard global variable [0m[1mG[0m
    globals.lua:120:5: mutating non-standard global variable [0m[1mG[0m
    globals.lua:125:5: mutating non-standard global variable [0m[1mG[0m
    globals.lua:126:5: mutating non-standard global variable [0m[1mG[0m
    globals.lua:127:5: mutating non-standard global variable [0m[1mG[0m

Checking graphics.lua                             [0m[31m[1m168 warnings[0m

    graphics.lua:2:7: unused variable [0m[1mmap[0m
    graphics.lua:27:9: accessing undefined variable [0m[1mlove[0m
    graphics.lua:28:9: accessing undefined variable [0m[1mlove[0m
    graphics.lua:30:9: accessing undefined variable [0m[1mlove[0m
    graphics.lua:31:9: accessing undefined variable [0m[1mlove[0m
    graphics.lua:50:9: accessing undefined variable [0m[1mlove[0m
    graphics.lua:51:9: accessing undefined variable [0m[1mlove[0m
    graphics.lua:58:9: accessing undefined variable [0m[1mlove[0m
    graphics.lua:59:9: accessing undefined variable [0m[1mlove[0m
    graphics.lua:61:9: accessing undefined variable [0m[1mlove[0m
    graphics.lua:72:5: accessing undefined variable [0m[1mlove[0m
    graphics.lua:76:33: shadowing upvalue [0m[1mmap[0m on line 2
    graphics.lua:83:1: line contains only whitespace
    graphics.lua:92:1: line contains only whitespace
    graphics.lua:96:1: line contains only whitespace
    graphics.lua:101:10: setting non-standard global variable [0m[1mdrawAddedPieces[0m
    graphics.lua:101:26: shadowing upvalue [0m[1mmap[0m on line 2
    graphics.lua:105:1: line contains only whitespace
    graphics.lua:106:5: accessing undefined variable [0m[1mlove[0m
    graphics.lua:107:1: line contains only whitespace
    graphics.lua:110:1: line contains only whitespace
    graphics.lua:111:5: accessing undefined variable [0m[1mlove[0m
    graphics.lua:114:10: setting non-standard global variable [0m[1mdrawGridHexes[0m
    graphics.lua:114:24: shadowing upvalue [0m[1mmap[0m on line 2
    graphics.lua:118:1: line contains only whitespace
    graphics.lua:119:5: accessing undefined variable [0m[1mlove[0m
    graphics.lua:120:1: line contains only whitespace
    graphics.lua:122:19: unused loop variable [0m[1mhex[0m
    graphics.lua:128:1: line contains only whitespace
    graphics.lua:129:5: accessing undefined variable [0m[1mlove[0m
    graphics.lua:132:10: setting non-standard global variable [0m[1mdrawBackground[0m
    graphics.lua:132:25: unused argument [0m[1mcanvas[0m
    graphics.lua:133:5: accessing undefined variable [0m[1mlove[0m
    graphics.lua:134:5: accessing undefined variable [0m[1mlove[0m
    graphics.lua:135:5: accessing undefined variable [0m[1mlove[0m
    graphics.lua:139:40: shadowing upvalue [0m[1mmap[0m on line 2
    graphics.lua:144:1: line contains only whitespace
    graphics.lua:147:121: line is too long (136 > 120)
    graphics.lua:150:121: line is too long (132 > 120)
    graphics.lua:157:42: shadowing upvalue [0m[1mmap[0m on line 2
    graphics.lua:163:121: line is too long (126 > 120)
    graphics.lua:169:45: shadowing upvalue [0m[1mmap[0m on line 2
    graphics.lua:174:1: line contains only whitespace
    graphics.lua:182:121: line is too long (130 > 120)
    graphics.lua:192:121: line is too long (123 > 120)
    graphics.lua:195:10: setting non-standard global variable [0m[1mdrawSelected[0m
    graphics.lua:195:23: shadowing upvalue [0m[1mmap[0m on line 2
    graphics.lua:199:1: line contains only whitespace
    graphics.lua:208:5: accessing undefined variable [0m[1mlove[0m
    graphics.lua:215:38: accessing undefined variable [0m[1mlove[0m
    graphics.lua:227:9: accessing undefined variable [0m[1mlove[0m
    graphics.lua:228:9: accessing undefined variable [0m[1mlove[0m
    graphics.lua:230:9: accessing undefined variable [0m[1mlove[0m
    graphics.lua:231:9: accessing undefined variable [0m[1mlove[0m
    graphics.lua:238:9: accessing undefined variable [0m[1mlove[0m
    graphics.lua:240:9: accessing undefined variable [0m[1mlove[0m
    graphics.lua:242:121: line is too long (144 > 120)
    graphics.lua:243:1: line contains only whitespace
    graphics.lua:247:1: line contains only whitespace
    graphics.lua:248:5: accessing undefined variable [0m[1mlove[0m
    graphics.lua:249:5: accessing undefined variable [0m[1mlove[0m
    graphics.lua:254:5: accessing undefined variable [0m[1mlove[0m
    graphics.lua:256:5: accessing undefined variable [0m[1mlove[0m
    graphics.lua:257:5: accessing undefined variable [0m[1mlove[0m
    graphics.lua:260:10: setting non-standard global variable [0m[1mdrawPieceSelector[0m
    graphics.lua:269:1: line contains only whitespace
    graphics.lua:270:17: accessing undefined variable [0m[1mG[0m
    graphics.lua:273:1: line contains only whitespace
    graphics.lua:279:1: line contains only whitespace
    graphics.lua:280:9: accessing undefined variable [0m[1mlove[0m
    graphics.lua:285:10: setting non-standard global variable [0m[1mgetPieceSelectorHover[0m
    graphics.lua:289:1: line contains only whitespace
    graphics.lua:296:1: line contains only whitespace
    graphics.lua:301:1: line contains only whitespace
    graphics.lua:306:10: setting non-standard global variable [0m[1mclickPieceSelector[0m
    graphics.lua:310:1: line contains only whitespace
    graphics.lua:318:1: line contains only whitespace
    graphics.lua:324:1: line contains only whitespace
    graphics.lua:329:10: setting non-standard global variable [0m[1mdrawMosquitoChoicePopup[0m
    graphics.lua:335:1: line contains only whitespace
    graphics.lua:337:5: accessing undefined variable [0m[1mlove[0m
    graphics.lua:338:5: accessing undefined variable [0m[1mlove[0m
    graphics.lua:339:1: line contains only whitespace
    graphics.lua:341:5: accessing undefined variable [0m[1mlove[0m
    graphics.lua:342:5: accessing undefined variable [0m[1mlove[0m
    graphics.lua:343:5: accessing undefined variable [0m[1mlove[0m
    graphics.lua:344:5: accessing undefined variable [0m[1mlove[0m
    graphics.lua:345:1: line contains only whitespace
    graphics.lua:347:5: accessing undefined variable [0m[1mlove[0m
    graphics.lua:348:5: accessing undefined variable [0m[1mlove[0m
    graphics.lua:349:1: line contains only whitespace
    graphics.lua:352:1: line contains only whitespace
    graphics.lua:354:5: accessing undefined variable [0m[1mlove[0m
    graphics.lua:355:5: accessing undefined variable [0m[1mlove[0m
    graphics.lua:356:5: accessing undefined variable [0m[1mlove[0m
    graphics.lua:357:5: accessing undefined variable [0m[1mlove[0m
    graphics.lua:358:1: line contains only whitespace
    graphics.lua:361:5: accessing undefined variable [0m[1mlove[0m
    graphics.lua:362:5: accessing undefined variable [0m[1mlove[0m
    graphics.lua:363:5: accessing undefined variable [0m[1mlove[0m
    graphics.lua:364:5: accessing undefined variable [0m[1mlove[0m
    graphics.lua:365:1: line contains only whitespace
    graphics.lua:366:5: accessing undefined variable [0m[1mlove[0m
    graphics.lua:370:10: setting non-standard global variable [0m[1mcheckMosquitoChoicePopupClick[0m
    graphics.lua:375:1: line contains only whitespace
    graphics.lua:381:1: line contains only whitespace
    graphics.lua:387:1: line contains only whitespace
    graphics.lua:393:1: line contains only whitespace
    graphics.lua:397:10: setting non-standard global variable [0m[1mprintPlayerStock[0m
    graphics.lua:399:5: accessing undefined variable [0m[1mlove[0m
    graphics.lua:400:1: line contains only whitespace
    graphics.lua:404:9: accessing undefined variable [0m[1mlove[0m
    graphics.lua:405:18: accessing undefined variable [0m[1mG[0m
    graphics.lua:406:13: accessing undefined variable [0m[1mlove[0m
    graphics.lua:411:10: setting non-standard global variable [0m[1msetupCanvases[0m
    graphics.lua:412:5: accessing undefined variable [0m[1mlove[0m
    graphics.lua:412:29: accessing undefined variable [0m[1mG[0m
    graphics.lua:413:5: accessing undefined variable [0m[1mlove[0m
    graphics.lua:414:5: accessing undefined variable [0m[1mlove[0m
    graphics.lua:414:29: accessing undefined variable [0m[1mG[0m
    graphics.lua:415:5: accessing undefined variable [0m[1mlove[0m
    graphics.lua:416:5: accessing undefined variable [0m[1mlove[0m
    graphics.lua:419:10: setting non-standard global variable [0m[1mdrawGameBoard[0m
    graphics.lua:420:5: accessing undefined variable [0m[1mlove[0m
    graphics.lua:421:5: accessing undefined variable [0m[1mdrawBackground[0m
    graphics.lua:421:20: accessing undefined variable [0m[1mG[0m
    graphics.lua:421:30: accessing undefined variable [0m[1mG[0m
    graphics.lua:421:42: accessing undefined variable [0m[1mG[0m
    graphics.lua:422:5: accessing undefined variable [0m[1mdrawGridHexes[0m
    graphics.lua:422:19: accessing undefined variable [0m[1mG[0m
    graphics.lua:422:26: accessing undefined variable [0m[1mG[0m
    graphics.lua:422:36: accessing undefined variable [0m[1mG[0m
    graphics.lua:422:44: accessing undefined variable [0m[1mG[0m
    graphics.lua:422:56: accessing undefined variable [0m[1mG[0m
    graphics.lua:422:68: accessing undefined variable [0m[1mG[0m
    graphics.lua:423:5: accessing undefined variable [0m[1mdrawAddedPieces[0m
    graphics.lua:423:21: accessing undefined variable [0m[1mG[0m
    graphics.lua:423:28: accessing undefined variable [0m[1mG[0m
    graphics.lua:423:39: accessing undefined variable [0m[1mG[0m
    graphics.lua:423:47: accessing undefined variable [0m[1mG[0m
    graphics.lua:423:59: accessing undefined variable [0m[1mG[0m
    graphics.lua:423:71: accessing undefined variable [0m[1mG[0m
    graphics.lua:424:5: accessing undefined variable [0m[1mlove[0m
    graphics.lua:424:24: accessing undefined variable [0m[1mG[0m
    graphics.lua:425:5: accessing undefined variable [0m[1mlove[0m
    graphics.lua:425:24: accessing undefined variable [0m[1mG[0m
    graphics.lua:426:9: accessing undefined variable [0m[1mG[0m
    graphics.lua:426:30: accessing undefined variable [0m[1mG[0m
    graphics.lua:427:9: accessing undefined variable [0m[1mdrawSelected[0m
    graphics.lua:427:22: accessing undefined variable [0m[1mG[0m
    graphics.lua:427:29: accessing undefined variable [0m[1mG[0m
    graphics.lua:427:49: accessing undefined variable [0m[1mG[0m
    graphics.lua:427:69: accessing undefined variable [0m[1mG[0m
    graphics.lua:427:77: accessing undefined variable [0m[1mG[0m
    graphics.lua:427:89: accessing undefined variable [0m[1mG[0m
    graphics.lua:427:101: accessing undefined variable [0m[1mG[0m
    graphics.lua:433:23: accessing undefined variable [0m[1mdrawAddedPieces[0m
    graphics.lua:434:21: accessing undefined variable [0m[1mdrawGridHexes[0m
    graphics.lua:435:22: accessing undefined variable [0m[1mdrawBackground[0m
    graphics.lua:436:20: accessing undefined variable [0m[1mdrawSelected[0m
    graphics.lua:437:25: accessing undefined variable [0m[1mdrawPieceSelector[0m
    graphics.lua:438:29: accessing undefined variable [0m[1mgetPieceSelectorHover[0m
    graphics.lua:439:26: accessing undefined variable [0m[1mclickPieceSelector[0m
    graphics.lua:440:31: accessing undefined variable [0m[1mdrawMosquitoChoicePopup[0m
    graphics.lua:441:37: accessing undefined variable [0m[1mcheckMosquitoChoicePopupClick[0m
    graphics.lua:442:24: accessing undefined variable [0m[1mprintPlayerStock[0m
    graphics.lua:443:21: accessing undefined variable [0m[1msetupCanvases[0m
    graphics.lua:444:21: accessing undefined variable [0m[1mdrawGameBoard[0m

Checking hexagon.lua                              [0m[31m[1m29 warnings[0m

    hexagon.lua:29:5: accessing undefined variable [0m[1mlove[0m
    hexagon.lua:31:9: accessing undefined variable [0m[1mlove[0m
    hexagon.lua:33:9: accessing undefined variable [0m[1mlove[0m
    hexagon.lua:35:5: accessing undefined variable [0m[1mlove[0m
    hexagon.lua:42:1: line contains only whitespace
    hexagon.lua:48:121: line is too long (122 > 120)
    hexagon.lua:53:121: line is too long (122 > 120)
    hexagon.lua:56:1: line contains only whitespace
    hexagon.lua:58:5: accessing undefined variable [0m[1mlove[0m
    hexagon.lua:59:121: line is too long (158 > 120)
    hexagon.lua:60:5: accessing undefined variable [0m[1mlove[0m
    hexagon.lua:61:1: line contains only whitespace
    hexagon.lua:63:5: accessing undefined variable [0m[1mlove[0m
    hexagon.lua:64:121: line is too long (158 > 120)
    hexagon.lua:65:5: accessing undefined variable [0m[1mlove[0m
    hexagon.lua:66:1: line contains only whitespace
    hexagon.lua:67:5: accessing undefined variable [0m[1mlove[0m
    hexagon.lua:74:11: value assigned to variable [0m[1mtileX[0m is overwritten on line 82 before use
    hexagon.lua:75:11: value assigned to variable [0m[1mtileY[0m is unused
    hexagon.lua:150:11: value assigned to variable [0m[1mtileX[0m is unused
    hexagon.lua:151:11: value assigned to variable [0m[1mtileY[0m is overwritten on line 158 before use
    hexagon.lua:238:27: unused argument [0m[1mgrid[0m
    hexagon.lua:239:5: value assigned to variable [0m[1mcamera_x[0m is unused
    hexagon.lua:240:5: value assigned to variable [0m[1mcamera_y[0m is unused
    hexagon.lua:241:1: line contains only whitespace
    hexagon.lua:242:5: accessing undefined variable [0m[1mlove[0m
    hexagon.lua:247:5: accessing undefined variable [0m[1mlove[0m
    hexagon.lua:279:11: value assigned to variable [0m[1mresultX[0m is unused
    hexagon.lua:280:11: value assigned to variable [0m[1mresultY[0m is unused

Checking input.lua                                [0m[31m[1m117 warnings[0m

    input.lua:5:7: unused variable [0m[1mPiecesEnum[0m
    input.lua:27:1: line contains only whitespace
    input.lua:32:1: line contains only whitespace
    input.lua:37:1: line contains only whitespace
    input.lua:47:1: line contains only whitespace
    input.lua:50:9: mutating non-standard global variable [0m[1mG[0m
    input.lua:50:34: accessing undefined variable [0m[1mG[0m
    input.lua:51:48: accessing undefined variable [0m[1mG[0m
    input.lua:53:1: line contains only whitespace
    input.lua:62:1: line contains only whitespace
    input.lua:71:1: line contains only whitespace
    input.lua:78:1: line contains only whitespace
    input.lua:81:32: accessing undefined variable [0m[1mlove[0m
    input.lua:82:41: accessing undefined variable [0m[1mG[0m
    input.lua:85:1: line contains only whitespace
    input.lua:88:32: accessing undefined variable [0m[1mlove[0m
    input.lua:89:42: accessing undefined variable [0m[1mG[0m
    input.lua:92:1: line contains only whitespace
    input.lua:95:27: accessing undefined variable [0m[1mG[0m
    input.lua:98:1: line contains only whitespace
    input.lua:105:1: line contains only whitespace
    input.lua:108:9: accessing undefined variable [0m[1mlove[0m
    input.lua:117:7: unused variable [0m[1mkeyDescriptions[0m
    input.lua:143:9: mutating non-standard global variable [0m[1mG[0m
    input.lua:146:1: line contains only whitespace
    input.lua:156:9: mutating non-standard global variable [0m[1mG[0m
    input.lua:162:12: accessing undefined variable [0m[1mG[0m
    input.lua:165:1: line contains only whitespace
    input.lua:166:20: accessing undefined variable [0m[1mcheckMosquitoChoicePopupClick[0m
    input.lua:166:66: accessing undefined variable [0m[1mG[0m
    input.lua:166:86: accessing undefined variable [0m[1mG[0m
    input.lua:167:50: accessing undefined variable [0m[1mG[0m
    input.lua:167:70: accessing undefined variable [0m[1mG[0m
    input.lua:172:63: accessing undefined variable [0m[1mG[0m
    input.lua:173:41: accessing undefined variable [0m[1mG[0m
    input.lua:173:48: accessing undefined variable [0m[1mG[0m
    input.lua:173:53: accessing undefined variable [0m[1mG[0m
    input.lua:181:87: accessing undefined variable [0m[1mG[0m
    input.lua:188:41: accessing undefined variable [0m[1mG[0m
    input.lua:188:48: accessing undefined variable [0m[1mG[0m
    input.lua:188:53: accessing undefined variable [0m[1mG[0m
    input.lua:195:99: accessing undefined variable [0m[1mG[0m
    input.lua:196:26: accessing undefined variable [0m[1mG[0m
    input.lua:200:23: accessing undefined variable [0m[1mG[0m
    input.lua:201:28: accessing undefined variable [0m[1mclickPieceSelector[0m
    input.lua:201:47: accessing undefined variable [0m[1mG[0m
    input.lua:202:1: line contains only whitespace
    input.lua:205:37: accessing undefined variable [0m[1mG[0m
    input.lua:208:1: line contains only whitespace
    input.lua:214:12: accessing undefined variable [0m[1mG[0m
    input.lua:214:42: accessing undefined variable [0m[1mG[0m
    input.lua:218:50: accessing undefined variable [0m[1mG[0m
    input.lua:218:70: accessing undefined variable [0m[1mG[0m
    input.lua:221:45: accessing undefined variable [0m[1mG[0m
    input.lua:227:37: accessing undefined variable [0m[1mG[0m
    input.lua:227:44: accessing undefined variable [0m[1mG[0m
    input.lua:227:49: accessing undefined variable [0m[1mG[0m
    input.lua:237:50: accessing undefined variable [0m[1mG[0m
    input.lua:237:70: accessing undefined variable [0m[1mG[0m
    input.lua:241:37: accessing undefined variable [0m[1mG[0m
    input.lua:241:44: accessing undefined variable [0m[1mG[0m
    input.lua:241:49: accessing undefined variable [0m[1mG[0m
    input.lua:251:1: line contains only whitespace
    input.lua:252:50: accessing undefined variable [0m[1mG[0m
    input.lua:252:70: accessing undefined variable [0m[1mG[0m
    input.lua:253:45: accessing undefined variable [0m[1mG[0m
    input.lua:254:1: line contains only whitespace
    input.lua:258:1: line contains only whitespace
    input.lua:260:52: accessing undefined variable [0m[1mG[0m
    input.lua:270:49: accessing undefined variable [0m[1mG[0m
    input.lua:275:24: accessing undefined variable [0m[1mG[0m
    input.lua:275:33: accessing undefined variable [0m[1mG[0m
    input.lua:275:66: accessing undefined variable [0m[1mG[0m
    input.lua:277:29: accessing undefined variable [0m[1mG[0m
    input.lua:284:43: unused argument [0m[1mistouch[0m
    input.lua:285:8: accessing undefined variable [0m[1mG[0m
    input.lua:288:1: line contains only whitespace
    input.lua:290:8: accessing undefined variable [0m[1mG[0m
    input.lua:293:1: line contains only whitespace
    input.lua:299:1: line contains only whitespace
    input.lua:302:27: accessing undefined variable [0m[1mG[0m
    input.lua:305:1: line contains only whitespace
    input.lua:307:32: accessing undefined variable [0m[1mlove[0m
    input.lua:308:1: line contains only whitespace
    input.lua:313:1: line contains only whitespace
    input.lua:320:57: accessing undefined variable [0m[1mG[0m
    input.lua:321:69: accessing undefined variable [0m[1mG[0m
    input.lua:322:47: accessing undefined variable [0m[1mG[0m
    input.lua:323:1: line contains only whitespace
    input.lua:324:12: accessing undefined variable [0m[1mG[0m
    input.lua:326:1: line contains only whitespace
    input.lua:331:1: line contains only whitespace
    input.lua:336:1: line contains only whitespace
    input.lua:341:1: line contains only whitespace
    input.lua:344:45: accessing undefined variable [0m[1mG[0m
    input.lua:344:52: accessing undefined variable [0m[1mG[0m
    input.lua:344:57: accessing undefined variable [0m[1mG[0m
    input.lua:353:30: unused argument [0m[1mx[0m
    input.lua:353:33: unused argument [0m[1my[0m
    input.lua:353:44: unused argument [0m[1mistouch[0m
    input.lua:356:26: accessing undefined variable [0m[1mG[0m
    input.lua:364:28: accessing undefined variable [0m[1mlove[0m
    input.lua:367:41: accessing undefined variable [0m[1mG[0m
    input.lua:370:42: accessing undefined variable [0m[1mG[0m
    input.lua:375:29: unused argument [0m[1mdt[0m
    input.lua:376:5: mutating non-standard global variable [0m[1mG[0m
    input.lua:376:15: mutating non-standard global variable [0m[1mG[0m
    input.lua:376:26: accessing undefined variable [0m[1mlove[0m
    input.lua:378:53: accessing undefined variable [0m[1mG[0m
    input.lua:378:56: accessing undefined variable [0m[1mG[0m
    input.lua:378:66: accessing undefined variable [0m[1mG[0m
    input.lua:379:64: accessing undefined variable [0m[1mG[0m
    input.lua:380:5: mutating non-standard global variable [0m[1mG[0m
    input.lua:380:16: mutating non-standard global variable [0m[1mG[0m
    input.lua:383:24: accessing undefined variable [0m[1mG[0m
    input.lua:383:27: accessing undefined variable [0m[1mG[0m
    input.lua:383:37: accessing undefined variable [0m[1mG[0m

Checking json.lua                                 [0m[31m[1m6 warnings[0m

    json.lua:11:1: line contains only whitespace
    json.lua:15:16: unused loop variable [0m[1mv[0m
    json.lua:22:1: line contains only whitespace
    json.lua:55:1: line contains only whitespace
    json.lua:117:1: line contains only whitespace
    json.lua:130:1: line contains only whitespace

Checking main.lua                                 [0m[31m[1m18 warnings[0m

    main.lua:3:7: unused variable [0m[1mPiecesEnum[0m
    main.lua:4:7: unused variable [0m[1mpieces[0m
    main.lua:13:10: mutating non-standard global variable [0m[1mlove[0m
    main.lua:17:1: line contains only whitespace
    main.lua:22:5: accessing undefined variable [0m[1mlove[0m
    main.lua:23:2: accessing undefined variable [0m[1mlove[0m
    main.lua:29:10: mutating non-standard global variable [0m[1mlove[0m
    main.lua:33:10: mutating non-standard global variable [0m[1mlove[0m
    main.lua:37:10: mutating non-standard global variable [0m[1mlove[0m
    main.lua:41:10: mutating non-standard global variable [0m[1mlove[0m
    main.lua:45:10: mutating non-standard global variable [0m[1mlove[0m
    main.lua:49:10: mutating non-standard global variable [0m[1mlove[0m
    main.lua:55:10: mutating non-standard global variable [0m[1mlove[0m
    main.lua:58:1: line contains only whitespace
    main.lua:61:1: line contains only whitespace
    main.lua:65:1: line contains only whitespace
    main.lua:70:1: line contains only whitespace
    main.lua:72:1: line contains only whitespace

Checking map.lua                                  [0m[31m[1m110 warnings[0m

    map.lua:1:7: unused variable [0m[1mplayer[0m
    map.lua:18:1: line contains only whitespace
    map.lua:20:1: line contains only whitespace
    map.lua:23:33: accessing undefined variable [0m[1mG[0m
    map.lua:30:1: line contains only whitespace
    map.lua:31:31: accessing undefined variable [0m[1mG[0m
    map.lua:31:36: accessing undefined variable [0m[1mG[0m
    map.lua:40:5: mutating non-standard global variable [0m[1mG[0m
    map.lua:41:5: accessing undefined variable [0m[1mremovePieceFromStock[0m
    map.lua:51:1: line contains only whitespace
    map.lua:71:11: value assigned to variable [0m[1menemy_count[0m is overwritten on line 75 before use
    map.lua:72:11: value assigned to variable [0m[1mfriendly_count[0m is overwritten on line 75 before use
    map.lua:73:1: line contains only whitespace
    map.lua:76:1: line contains only whitespace
    map.lua:78:9: accessing undefined variable [0m[1mG[0m
    map.lua:78:23: accessing undefined variable [0m[1mG[0m
    map.lua:80:12: accessing undefined variable [0m[1mG[0m
    map.lua:83:13: accessing undefined variable [0m[1mG[0m
    map.lua:90:1: line contains only whitespace
    map.lua:98:8: accessing undefined variable [0m[1mgetPiecesInStock[0m
    map.lua:102:1: line contains only whitespace
    map.lua:104:1: line contains only whitespace
    map.lua:109:1: line contains only whitespace
    map.lua:114:1: line contains only whitespace
    map.lua:120:13: mutating non-standard global variable [0m[1mG[0m
    map.lua:121:13: accessing undefined variable [0m[1mremovePieceFromStock[0m
    map.lua:124:1: line contains only whitespace
    map.lua:126:16: accessing undefined variable [0m[1mG[0m
    map.lua:126:30: accessing undefined variable [0m[1mG[0m
    map.lua:126:59: accessing undefined variable [0m[1mG[0m
    map.lua:127:17: accessing undefined variable [0m[1mG[0m
    map.lua:129:1: line contains only whitespace
    map.lua:135:1: line contains only whitespace
    map.lua:136:9: accessing undefined variable [0m[1mG[0m
    map.lua:136:78: accessing undefined variable [0m[1mG[0m
    map.lua:136:121: line is too long (152 > 120)
    map.lua:140:1: line contains only whitespace
    map.lua:145:1: line contains only whitespace
    map.lua:147:1: line contains only whitespace
    map.lua:149:8: accessing undefined variable [0m[1mG[0m
    map.lua:149:22: accessing undefined variable [0m[1mG[0m
    map.lua:149:51: accessing undefined variable [0m[1mG[0m
    map.lua:150:9: accessing undefined variable [0m[1mG[0m
    map.lua:152:1: line contains only whitespace
    map.lua:160:1: line contains only whitespace
    map.lua:166:1: line contains only whitespace
    map.lua:169:1: line contains only whitespace
    map.lua:178:1: line contains only whitespace
    map.lua:187:1: line contains only whitespace
    map.lua:190:1: line contains only whitespace
    map.lua:199:1: line contains only whitespace
    map.lua:204:16: unused function [0m[1mensure_map_coverage[0m
    map.lua:207:1: line contains only whitespace
    map.lua:209:15: unused variable [0m[1mhex[0m
    map.lua:215:1: line contains only whitespace
    map.lua:228:16: unused function [0m[1mget_hex_offset[0m
    map.lua:238:9: unused loop variable [0m[1mi[0m
    map.lua:247:16: unused function [0m[1mmark_neighbours_on_map[0m
    map.lua:247:54: unused argument [0m[1mw[0m
    map.lua:247:57: unused argument [0m[1mh[0m
    map.lua:252:47: unused argument [0m[1mw[0m
    map.lua:252:50: unused argument [0m[1mh[0m
    map.lua:263:35: unused argument [0m[1mw[0m
    map.lua:263:38: unused argument [0m[1mh[0m
    map.lua:269:36: unused argument [0m[1mw[0m
    map.lua:269:39: unused argument [0m[1mh[0m
    map.lua:283:1: line contains only whitespace
    map.lua:285:1: line contains only whitespace
    map.lua:287:1: line contains only whitespace
    map.lua:292:1: line contains only whitespace
    map.lua:294:1: line contains only whitespace
    map.lua:297:1: line contains only whitespace
    map.lua:302:1: line contains only whitespace
    map.lua:307:1: line contains only whitespace
    map.lua:312:16: unused function [0m[1mremove_piece_from_map[0m
    map.lua:332:16: unused function [0m[1mflood_neighbours_neighbours_jump[0m
    map.lua:332:54: unused argument [0m[1mcol[0m
    map.lua:332:59: unused argument [0m[1mrow[0m
    map.lua:345:49: unused argument [0m[1mcol[0m
    map.lua:345:54: unused argument [0m[1mrow[0m
    map.lua:403:20: line contains trailing whitespace
    map.lua:404:21: line contains trailing whitespace
    map.lua:406:1: line contains only whitespace
    map.lua:412:1: line contains only whitespace
    map.lua:416:1: line contains only whitespace
    map.lua:422:1: line contains only whitespace
    map.lua:440:1: line contains only whitespace
    map.lua:483:1: line contains only whitespace
    map.lua:486:1: line contains only whitespace
    map.lua:488:1: line contains only whitespace
    map.lua:493:1: line contains only whitespace
    map.lua:498:1: line contains only whitespace
    map.lua:506:1: line contains only whitespace
    map.lua:508:11: unused variable [0m[1mdest_hex[0m
    map.lua:509:1: line contains only whitespace
    map.lua:512:1: line contains only whitespace
    map.lua:516:15: shadowing upvalue [0m[1msrc_hex[0m on line 507
    map.lua:517:15: unused variable [0m[1mdest_hex[0m
    map.lua:517:15: shadowing upvalue [0m[1mdest_hex[0m on line 508
    map.lua:518:1: line contains only whitespace
    map.lua:520:64: accessing undefined variable [0m[1mG[0m
    map.lua:521:1: line contains only whitespace
    map.lua:528:1: line contains only whitespace
    map.lua:530:16: accessing undefined variable [0m[1mG[0m
    map.lua:530:30: accessing undefined variable [0m[1mG[0m
    map.lua:530:59: accessing undefined variable [0m[1mG[0m
    map.lua:531:17: accessing undefined variable [0m[1mG[0m
    map.lua:531:37: accessing undefined variable [0m[1mG[0m
    map.lua:533:1: line contains only whitespace
    map.lua:540:1: line contains only whitespace

Checking network.lua                              [0m[31m[1m53 warnings[0m

    network.lua:42:1: line contains only whitespace
    network.lua:47:1: line contains only whitespace
    network.lua:50:1: line contains only whitespace
    network.lua:57:1: line contains only whitespace
    network.lua:62:5: mutating non-standard global variable [0m[1mG[0m
    network.lua:63:1: line contains only whitespace
    network.lua:73:1: line contains only whitespace
    network.lua:78:1: line contains only whitespace
    network.lua:81:1: line contains only whitespace
    network.lua:89:1: line contains only whitespace
    network.lua:95:5: mutating non-standard global variable [0m[1mG[0m
    network.lua:96:1: line contains only whitespace
    network.lua:99:1: line contains only whitespace
    network.lua:115:1: line contains only whitespace
    network.lua:120:1: line contains only whitespace
    network.lua:133:1: line contains only whitespace
    network.lua:149:1: line contains only whitespace
    network.lua:150:17: unused variable [0m[1merr[0m
    network.lua:150:22: unused variable [0m[1mpartial[0m
    network.lua:162:1: line contains only whitespace
    network.lua:170:1: line contains only whitespace
    network.lua:188:1: line contains only whitespace
    network.lua:191:1: line contains only whitespace
    network.lua:205:1: line contains only whitespace
    network.lua:210:25: unused argument [0m[1mdt[0m
    network.lua:214:1: line contains only whitespace
    network.lua:225:1: line contains only whitespace
    network.lua:238:1: line contains only whitespace
    network.lua:243:1: line contains only whitespace
    network.lua:247:1: line contains only whitespace
    network.lua:250:121: line is too long (123 > 120)
    network.lua:252:1: line contains only whitespace
    network.lua:254:28: accessing undefined variable [0m[1mG[0m
    network.lua:257:13: accessing undefined variable [0m[1mtryAddPieceToMap[0m
    network.lua:257:66: accessing undefined variable [0m[1mG[0m
    network.lua:258:29: accessing undefined variable [0m[1mG[0m
    network.lua:258:36: accessing undefined variable [0m[1mG[0m
    network.lua:258:41: accessing undefined variable [0m[1mG[0m
    network.lua:262:1: line contains only whitespace
    network.lua:265:121: line is too long (174 > 120)
    network.lua:268:1: line contains only whitespace
    network.lua:270:38: accessing undefined variable [0m[1mG[0m
    network.lua:271:29: accessing undefined variable [0m[1mG[0m
    network.lua:271:36: accessing undefined variable [0m[1mG[0m
    network.lua:271:41: accessing undefined variable [0m[1mG[0m
    network.lua:275:1: line contains only whitespace
    network.lua:279:1: line contains only whitespace
    network.lua:282:9: mutating non-standard global variable [0m[1mG[0m
    network.lua:290:25: accessing undefined variable [0m[1mG[0m
    network.lua:291:24: accessing undefined variable [0m[1mG[0m
    network.lua:291:51: accessing undefined variable [0m[1mG[0m
    network.lua:301:1: line contains only whitespace
    network.lua:319:1: line contains only whitespace

Checking pieces.lua                               [0m[31m[1m24 warnings[0m

    pieces.lua:2:1: setting non-standard global variable [0m[1mPiece[0m
    pieces.lua:3:1: setting non-standard global variable [0m[1mQueenBee[0m
    pieces.lua:4:1: setting non-standard global variable [0m[1mBeetle[0m
    pieces.lua:5:1: setting non-standard global variable [0m[1mGrasshopper[0m
    pieces.lua:6:1: setting non-standard global variable [0m[1mSpider[0m
    pieces.lua:7:1: setting non-standard global variable [0m[1mSoldierAnt[0m
    pieces.lua:8:1: setting non-standard global variable [0m[1mLadybug[0m
    pieces.lua:9:1: setting non-standard global variable [0m[1mMosquito[0m
    pieces.lua:10:1: setting non-standard global variable [0m[1mPillbug[0m
    pieces.lua:14:16: accessing undefined variable [0m[1mQueenBee[0m
    pieces.lua:15:14: accessing undefined variable [0m[1mBeetle[0m
    pieces.lua:16:19: accessing undefined variable [0m[1mGrasshopper[0m
    pieces.lua:17:14: accessing undefined variable [0m[1mSpider[0m
    pieces.lua:18:18: accessing undefined variable [0m[1mSoldierAnt[0m
    pieces.lua:19:15: accessing undefined variable [0m[1mLadybug[0m
    pieces.lua:20:16: accessing undefined variable [0m[1mMosquito[0m
    pieces.lua:21:15: accessing undefined variable [0m[1mPillbug[0m
    pieces.lua:29:5: setting non-standard global variable [0m[1mpiecesInventory[0m
    pieces.lua:30:1: line contains only whitespace
    pieces.lua:35:1: line contains only whitespace
    pieces.lua:39:1: line contains only whitespace
    pieces.lua:40:13: mutating non-standard global variable [0m[1mpiecesInventory[0m
    pieces.lua:53:1: line contains only whitespace
    pieces.lua:54:12: accessing undefined variable [0m[1mpiecesInventory[0m

Checking player.lua                               [0m[31m[1m21 warnings[0m

    player.lua:2:1: setting non-standard global variable [0m[1mPlayer[0m
    player.lua:3:1: mutating non-standard global variable [0m[1mPlayer[0m
    player.lua:3:18: accessing undefined variable [0m[1mPlayer[0m
    player.lua:5:10: mutating non-standard global variable [0m[1mPlayer[0m
    player.lua:5:16: unused argument [0m[1mself[0m
    player.lua:6:39: accessing undefined variable [0m[1mPlayer[0m
    player.lua:9:1: line contains only whitespace
    player.lua:12:26: accessing undefined variable [0m[1mpiecesInventory[0m
    player.lua:21:1: line contains only whitespace
    player.lua:25:10: mutating non-standard global variable [0m[1mPlayer[0m
    player.lua:32:10: mutating non-standard global variable [0m[1mPlayer[0m
    player.lua:40:10: mutating non-standard global variable [0m[1mPlayer[0m
    player.lua:48:10: mutating non-standard global variable [0m[1mPlayer[0m
    player.lua:52:10: mutating non-standard global variable [0m[1mPlayer[0m
    player.lua:57:10: setting non-standard global variable [0m[1mremovePieceFromStock[0m
    player.lua:58:8: accessing undefined variable [0m[1mG[0m
    player.lua:59:9: accessing undefined variable [0m[1mG[0m
    player.lua:63:10: setting non-standard global variable [0m[1mgetPiecesInStock[0m
    player.lua:64:8: accessing undefined variable [0m[1mG[0m
    player.lua:65:16: accessing undefined variable [0m[1mG[0m
    player.lua:70:8: accessing undefined variable [0m[1mPlayer[0m

Checking ui.lua                                   [0m[31m[1m185 warnings[0m

    ui.lua:28:12: accessing undefined variable [0m[1mG[0m
    ui.lua:30:5: accessing undefined variable [0m[1mlove[0m
    ui.lua:31:5: accessing undefined variable [0m[1mlove[0m
    ui.lua:31:43: accessing undefined variable [0m[1mG[0m
    ui.lua:31:55: accessing undefined variable [0m[1mG[0m
    ui.lua:33:5: accessing undefined variable [0m[1mlove[0m
    ui.lua:35:18: accessing undefined variable [0m[1mlove[0m
    ui.lua:37:5: accessing undefined variable [0m[1mlove[0m
    ui.lua:37:33: accessing undefined variable [0m[1mG[0m
    ui.lua:39:5: accessing undefined variable [0m[1mlove[0m
    ui.lua:42:19: accessing undefined variable [0m[1mG[0m
    ui.lua:43:20: accessing undefined variable [0m[1mG[0m
    ui.lua:52:9: accessing undefined variable [0m[1mlove[0m
    ui.lua:53:9: accessing undefined variable [0m[1mlove[0m
    ui.lua:54:9: accessing undefined variable [0m[1mlove[0m
    ui.lua:55:9: accessing undefined variable [0m[1mlove[0m
    ui.lua:59:5: accessing undefined variable [0m[1mlove[0m
    ui.lua:62:5: accessing undefined variable [0m[1mlove[0m
    ui.lua:62:34: accessing undefined variable [0m[1mG[0m
    ui.lua:62:66: accessing undefined variable [0m[1mG[0m
    ui.lua:63:5: accessing undefined variable [0m[1mlove[0m
    ui.lua:68:99: accessing undefined variable [0m[1mG[0m
    ui.lua:69:26: accessing undefined variable [0m[1mG[0m
    ui.lua:73:23: accessing undefined variable [0m[1mG[0m
    ui.lua:74:32: accessing undefined variable [0m[1mG[0m
    ui.lua:80:107: accessing undefined variable [0m[1mG[0m
    ui.lua:80:121: line is too long (180 > 120)
    ui.lua:80:136: accessing undefined variable [0m[1mG[0m
    ui.lua:80:146: accessing undefined variable [0m[1mG[0m
    ui.lua:82:1: line contains only whitespace
    ui.lua:85:18: accessing undefined variable [0m[1mlove[0m
    ui.lua:88:1: line contains only whitespace
    ui.lua:90:41: accessing undefined variable [0m[1mG[0m
    ui.lua:90:72: accessing undefined variable [0m[1mG[0m
    ui.lua:92:1: line contains only whitespace
    ui.lua:93:5: accessing undefined variable [0m[1mlove[0m
    ui.lua:94:5: accessing undefined variable [0m[1mlove[0m
    ui.lua:94:48: accessing undefined variable [0m[1mG[0m
    ui.lua:95:1: line contains only whitespace
    ui.lua:96:5: accessing undefined variable [0m[1mlove[0m
    ui.lua:97:5: accessing undefined variable [0m[1mlove[0m
    ui.lua:97:59: accessing undefined variable [0m[1mG[0m
    ui.lua:98:5: accessing undefined variable [0m[1mlove[0m
    ui.lua:99:5: accessing undefined variable [0m[1mlove[0m
    ui.lua:99:70: accessing undefined variable [0m[1mG[0m
    ui.lua:100:1: line contains only whitespace
    ui.lua:101:5: accessing undefined variable [0m[1mlove[0m
    ui.lua:102:5: accessing undefined variable [0m[1mlove[0m
    ui.lua:102:40: accessing undefined variable [0m[1mG[0m
    ui.lua:102:83: accessing undefined variable [0m[1mG[0m
    ui.lua:103:1: line contains only whitespace
    ui.lua:104:5: accessing undefined variable [0m[1mlove[0m
    ui.lua:105:5: accessing undefined variable [0m[1mlove[0m
    ui.lua:105:54: accessing undefined variable [0m[1mG[0m
    ui.lua:106:1: line contains only whitespace
    ui.lua:107:5: accessing undefined variable [0m[1mlove[0m
    ui.lua:111:12: accessing undefined variable [0m[1mG[0m
    ui.lua:112:1: line contains only whitespace
    ui.lua:113:5: accessing undefined variable [0m[1mlove[0m
    ui.lua:114:25: accessing undefined variable [0m[1mG[0m
    ui.lua:115:54: accessing undefined variable [0m[1mG[0m
    ui.lua:116:19: accessing undefined variable [0m[1mG[0m
    ui.lua:116:35: accessing undefined variable [0m[1mG[0m
    ui.lua:117:19: accessing undefined variable [0m[1mG[0m
    ui.lua:117:35: accessing undefined variable [0m[1mG[0m
    ui.lua:119:9: accessing undefined variable [0m[1mlove[0m
    ui.lua:119:49: accessing undefined variable [0m[1mG[0m
    ui.lua:119:71: accessing undefined variable [0m[1mG[0m
    ui.lua:119:93: accessing undefined variable [0m[1mG[0m
    ui.lua:119:112: accessing undefined variable [0m[1mG[0m
    ui.lua:119:121: line is too long (125 > 120)
    ui.lua:121:5: accessing undefined variable [0m[1mlove[0m
    ui.lua:125:22: accessing undefined variable [0m[1mG[0m
    ui.lua:125:33: accessing undefined variable [0m[1mG[0m
    ui.lua:125:47: accessing undefined variable [0m[1mG[0m
    ui.lua:126:22: accessing undefined variable [0m[1mG[0m
    ui.lua:126:33: accessing undefined variable [0m[1mG[0m
    ui.lua:126:47: accessing undefined variable [0m[1mG[0m
    ui.lua:127:64: accessing undefined variable [0m[1mG[0m
    ui.lua:128:42: accessing undefined variable [0m[1mG[0m
    ui.lua:129:1: line contains only whitespace
    ui.lua:131:9: accessing undefined variable [0m[1mlove[0m
    ui.lua:131:47: accessing undefined variable [0m[1mG[0m
    ui.lua:133:9: accessing undefined variable [0m[1mlove[0m
    ui.lua:133:115: accessing undefined variable [0m[1mG[0m
    ui.lua:133:121: line is too long (130 > 120)
    ui.lua:135:1: line contains only whitespace
    ui.lua:141:1: line contains only whitespace
    ui.lua:144:1: line contains only whitespace
    ui.lua:149:1: line contains only whitespace
    ui.lua:153:23: accessing undefined variable [0m[1mG[0m
    ui.lua:154:23: accessing undefined variable [0m[1mG[0m
    ui.lua:155:1: line contains only whitespace
    ui.lua:156:36: accessing undefined variable [0m[1mG[0m
    ui.lua:157:21: accessing undefined variable [0m[1mG[0m
    ui.lua:159:37: accessing undefined variable [0m[1mG[0m
    ui.lua:160:21: accessing undefined variable [0m[1mG[0m
    ui.lua:162:1: line contains only whitespace
    ui.lua:163:5: accessing undefined variable [0m[1mlove[0m
    ui.lua:164:5: accessing undefined variable [0m[1mlove[0m
    ui.lua:165:1: line contains only whitespace
    ui.lua:166:5: accessing undefined variable [0m[1mlove[0m
    ui.lua:167:5: accessing undefined variable [0m[1mlove[0m
    ui.lua:168:1: line contains only whitespace
    ui.lua:173:1: line contains only whitespace
    ui.lua:175:13: accessing undefined variable [0m[1mlove[0m
    ui.lua:177:13: accessing undefined variable [0m[1mlove[0m
    ui.lua:179:1: line contains only whitespace
    ui.lua:180:9: accessing undefined variable [0m[1mlove[0m
    ui.lua:183:1: line contains only whitespace
    ui.lua:184:5: accessing undefined variable [0m[1mlove[0m
    ui.lua:188:5: accessing undefined variable [0m[1mlove[0m
    ui.lua:188:59: accessing undefined variable [0m[1mG[0m
    ui.lua:188:85: accessing undefined variable [0m[1mG[0m
    ui.lua:189:1: line contains only whitespace
    ui.lua:192:1: line contains only whitespace
    ui.lua:193:5: accessing undefined variable [0m[1mlove[0m
    ui.lua:194:22: accessing undefined variable [0m[1mG[0m
    ui.lua:197:9: accessing undefined variable [0m[1mlove[0m
    ui.lua:200:9: accessing undefined variable [0m[1mlove[0m
    ui.lua:202:1: line contains only whitespace
    ui.lua:205:9: accessing undefined variable [0m[1mlove[0m
    ui.lua:207:5: accessing undefined variable [0m[1mlove[0m
    ui.lua:211:12: accessing undefined variable [0m[1mG[0m
    ui.lua:212:1: line contains only whitespace
    ui.lua:214:5: accessing undefined variable [0m[1mlove[0m
    ui.lua:215:5: accessing undefined variable [0m[1mlove[0m
    ui.lua:215:43: accessing undefined variable [0m[1mG[0m
    ui.lua:215:55: accessing undefined variable [0m[1mG[0m
    ui.lua:216:1: line contains only whitespace
    ui.lua:220:22: accessing undefined variable [0m[1mG[0m
    ui.lua:221:22: accessing undefined variable [0m[1mG[0m
    ui.lua:222:1: line contains only whitespace
    ui.lua:224:5: accessing undefined variable [0m[1mlove[0m
    ui.lua:225:5: accessing undefined variable [0m[1mlove[0m
    ui.lua:226:1: line contains only whitespace
    ui.lua:228:5: accessing undefined variable [0m[1mlove[0m
    ui.lua:229:5: accessing undefined variable [0m[1mlove[0m
    ui.lua:230:5: accessing undefined variable [0m[1mlove[0m
    ui.lua:231:5: accessing undefined variable [0m[1mlove[0m
    ui.lua:232:1: line contains only whitespace
    ui.lua:234:18: accessing undefined variable [0m[1mlove[0m
    ui.lua:238:1: line contains only whitespace
    ui.lua:239:5: accessing undefined variable [0m[1mlove[0m
    ui.lua:240:5: accessing undefined variable [0m[1mlove[0m
    ui.lua:240:33: accessing undefined variable [0m[1mG[0m
    ui.lua:241:1: line contains only whitespace
    ui.lua:245:8: accessing undefined variable [0m[1mG[0m
    ui.lua:245:30: accessing undefined variable [0m[1mG[0m
    ui.lua:248:12: accessing undefined variable [0m[1mG[0m
    ui.lua:251:12: accessing undefined variable [0m[1mG[0m
    ui.lua:255:1: line contains only whitespace
    ui.lua:258:5: accessing undefined variable [0m[1mlove[0m
    ui.lua:259:5: accessing undefined variable [0m[1mlove[0m
    ui.lua:259:39: accessing undefined variable [0m[1mG[0m
    ui.lua:260:1: line contains only whitespace
    ui.lua:262:5: accessing undefined variable [0m[1mlove[0m
    ui.lua:268:1: line contains only whitespace
    ui.lua:270:5: accessing undefined variable [0m[1mlove[0m
    ui.lua:271:5: accessing undefined variable [0m[1mlove[0m
    ui.lua:271:33: accessing undefined variable [0m[1mG[0m
    ui.lua:272:5: accessing undefined variable [0m[1mlove[0m
    ui.lua:273:5: accessing undefined variable [0m[1mlove[0m
    ui.lua:273:33: accessing undefined variable [0m[1mG[0m
    ui.lua:274:5: accessing undefined variable [0m[1mlove[0m
    ui.lua:274:33: accessing undefined variable [0m[1mG[0m
    ui.lua:275:5: accessing undefined variable [0m[1mlove[0m
    ui.lua:275:33: accessing undefined variable [0m[1mG[0m
    ui.lua:276:5: accessing undefined variable [0m[1mlove[0m
    ui.lua:276:33: accessing undefined variable [0m[1mG[0m
    ui.lua:277:1: line contains only whitespace
    ui.lua:278:5: accessing undefined variable [0m[1mlove[0m
    ui.lua:282:12: accessing undefined variable [0m[1mG[0m
    ui.lua:283:38: accessing undefined variable [0m[1mG[0m
    ui.lua:283:58: accessing undefined variable [0m[1mG[0m
    ui.lua:287:8: accessing undefined variable [0m[1mG[0m
    ui.lua:288:1: line contains only whitespace
    ui.lua:290:18: accessing undefined variable [0m[1mlove[0m
    ui.lua:293:1: line contains only whitespace
    ui.lua:295:15: accessing undefined variable [0m[1mG[0m
    ui.lua:296:15: accessing undefined variable [0m[1mG[0m
    ui.lua:297:1: line contains only whitespace
    ui.lua:299:5: accessing undefined variable [0m[1mlove[0m
    ui.lua:300:5: accessing undefined variable [0m[1mlove[0m
    ui.lua:301:5: accessing undefined variable [0m[1mlove[0m

Total: [0m[31m[1m1098[0m warnings / [0m[0m[1m0[0m errors in 19 files, couldn't check 1 file
